[2024-02-18T16:19:18.766+0000][gc,init] CardTable entry size: 512
[2024-02-18T16:19:18.766+0000][gc     ] Using G1
[2024-02-18T16:19:18.778+0000][gc,init] Version: 21.0.1+12-LTS (release)
[2024-02-18T16:19:18.778+0000][gc,init] CPUs: 2 total, 2 available
[2024-02-18T16:19:18.778+0000][gc,init] Memory: 7929M
[2024-02-18T16:19:18.778+0000][gc,init] Large Page Support: Disabled
[2024-02-18T16:19:18.778+0000][gc,init] NUMA Support: Disabled
[2024-02-18T16:19:18.778+0000][gc,init] Compressed Oops: Enabled (32-bit)
[2024-02-18T16:19:18.778+0000][gc,init] Heap Region Size: 1M
[2024-02-18T16:19:18.778+0000][gc,init] Heap Min Capacity: 1G
[2024-02-18T16:19:18.778+0000][gc,init] Heap Initial Capacity: 1G
[2024-02-18T16:19:18.778+0000][gc,init] Heap Max Capacity: 1G
[2024-02-18T16:19:18.778+0000][gc,init] Pre-touch: Disabled
[2024-02-18T16:19:18.779+0000][gc,init] Parallel Workers: 2
[2024-02-18T16:19:18.779+0000][gc,init] Concurrent Workers: 1
[2024-02-18T16:19:18.779+0000][gc,init] Concurrent Refinement Workers: 2
[2024-02-18T16:19:18.779+0000][gc,init] Periodic GC: Disabled
[2024-02-18T16:19:18.785+0000][gc,metaspace] CDS archive(s) mapped at: [0x00007fda03000000-0x00007fda03ca8000-0x00007fda03ca8000), size 13271040, SharedBaseAddress: 0x00007fda03000000, ArchiveRelocationMode: 1.
[2024-02-18T16:19:18.785+0000][gc,metaspace] Compressed class space mapped at: 0x00007fda04000000-0x00007fda44000000, reserved size: 1073741824
[2024-02-18T16:19:18.785+0000][gc,metaspace] Narrow klass base: 0x00007fda03000000, Narrow klass shift: 0, Narrow klass range: 0x100000000
[2024-02-18T16:19:20.565+0000][gc,start    ] GC(0) Pause Young (Normal) (G1 Evacuation Pause)
[2024-02-18T16:19:20.565+0000][gc,task     ] GC(0) Using 2 workers of 2 for evacuation
[2024-02-18T16:19:20.574+0000][gc,phases   ] GC(0)   Pre Evacuate Collection Set: 0.1ms
[2024-02-18T16:19:20.574+0000][gc,phases   ] GC(0)   Merge Heap Roots: 0.1ms
[2024-02-18T16:19:20.574+0000][gc,phases   ] GC(0)   Evacuate Collection Set: 8.2ms
[2024-02-18T16:19:20.574+0000][gc,phases   ] GC(0)   Post Evacuate Collection Set: 0.4ms
[2024-02-18T16:19:20.574+0000][gc,phases   ] GC(0)   Other: 0.2ms
[2024-02-18T16:19:20.574+0000][gc,heap     ] GC(0) Eden regions: 51->0(44)
[2024-02-18T16:19:20.574+0000][gc,heap     ] GC(0) Survivor regions: 0->7(7)
[2024-02-18T16:19:20.574+0000][gc,heap     ] GC(0) Old regions: 2->2
[2024-02-18T16:19:20.574+0000][gc,heap     ] GC(0) Humongous regions: 0->0
[2024-02-18T16:19:20.574+0000][gc,metaspace] GC(0) Metaspace: 19904K(20160K)->19904K(20160K) NonClass: 17344K(17472K)->17344K(17472K) Class: 2560K(2688K)->2560K(2688K)
[2024-02-18T16:19:20.574+0000][gc          ] GC(0) Pause Young (Normal) (G1 Evacuation Pause) 52M->8M(1024M) 9.158ms
[2024-02-18T16:19:20.574+0000][gc,cpu      ] GC(0) User=0.01s Sys=0.00s Real=0.01s
[2024-02-18T16:19:20.772+0000][gc,start    ] GC(1) Pause Young (Concurrent Start) (Metadata GC Threshold)
[2024-02-18T16:19:20.772+0000][gc,task     ] GC(1) Using 2 workers of 2 for evacuation
[2024-02-18T16:19:20.786+0000][gc,phases   ] GC(1)   Pre Evacuate Collection Set: 0.3ms
[2024-02-18T16:19:20.786+0000][gc,phases   ] GC(1)   Merge Heap Roots: 0.0ms
[2024-02-18T16:19:20.786+0000][gc,phases   ] GC(1)   Evacuate Collection Set: 13.3ms
[2024-02-18T16:19:20.786+0000][gc,phases   ] GC(1)   Post Evacuate Collection Set: 0.3ms
[2024-02-18T16:19:20.786+0000][gc,phases   ] GC(1)   Other: 0.1ms
[2024-02-18T16:19:20.786+0000][gc,heap     ] GC(1) Eden regions: 7->0(50)
[2024-02-18T16:19:20.786+0000][gc,heap     ] GC(1) Survivor regions: 7->1(7)
[2024-02-18T16:19:20.786+0000][gc,heap     ] GC(1) Old regions: 2->9
[2024-02-18T16:19:20.786+0000][gc,heap     ] GC(1) Humongous regions: 129->129
[2024-02-18T16:19:20.786+0000][gc,metaspace] GC(1) Metaspace: 21278K(21504K)->21278K(21504K) NonClass: 18529K(18624K)->18529K(18624K) Class: 2749K(2880K)->2749K(2880K)
[2024-02-18T16:19:20.787+0000][gc          ] GC(1) Pause Young (Concurrent Start) (Metadata GC Threshold) 143M->138M(1024M) 15.029ms
[2024-02-18T16:19:20.787+0000][gc,cpu      ] GC(1) User=0.01s Sys=0.00s Real=0.02s
[2024-02-18T16:19:20.787+0000][gc          ] GC(2) Concurrent Mark Cycle
[2024-02-18T16:19:20.787+0000][gc,marking  ] GC(2) Concurrent Scan Root Regions
[2024-02-18T16:19:20.805+0000][gc,marking  ] GC(2) Concurrent Scan Root Regions 18.330ms
[2024-02-18T16:19:20.805+0000][gc,marking  ] GC(2) Concurrent Mark
[2024-02-18T16:19:20.805+0000][gc,marking  ] GC(2) Concurrent Mark From Roots
[2024-02-18T16:19:20.805+0000][gc,task     ] GC(2) Using 1 workers of 1 for marking
[2024-02-18T16:19:20.808+0000][gc,marking  ] GC(2) Concurrent Mark From Roots 2.734ms
[2024-02-18T16:19:20.808+0000][gc,marking  ] GC(2) Concurrent Preclean
[2024-02-18T16:19:20.808+0000][gc,marking  ] GC(2) Concurrent Preclean 0.031ms
[2024-02-18T16:19:20.808+0000][gc,start    ] GC(2) Pause Remark
[2024-02-18T16:19:20.811+0000][gc          ] GC(2) Pause Remark 139M->139M(1024M) 2.387ms
[2024-02-18T16:19:20.811+0000][gc,cpu      ] GC(2) User=0.00s Sys=0.00s Real=0.00s
[2024-02-18T16:19:20.811+0000][gc,marking  ] GC(2) Concurrent Mark 5.656ms
[2024-02-18T16:19:20.811+0000][gc,marking  ] GC(2) Concurrent Rebuild Remembered Sets and Scrub Regions
[2024-02-18T16:19:20.818+0000][gc,marking  ] GC(2) Concurrent Rebuild Remembered Sets and Scrub Regions 7.532ms
[2024-02-18T16:19:20.819+0000][gc,start    ] GC(2) Pause Cleanup
[2024-02-18T16:19:20.819+0000][gc          ] GC(2) Pause Cleanup 139M->139M(1024M) 0.254ms
[2024-02-18T16:19:20.819+0000][gc,cpu      ] GC(2) User=0.00s Sys=0.00s Real=0.00s
[2024-02-18T16:19:20.819+0000][gc,marking  ] GC(2) Concurrent Clear Claimed Marks
[2024-02-18T16:19:20.819+0000][gc,marking  ] GC(2) Concurrent Clear Claimed Marks 0.030ms
[2024-02-18T16:19:20.819+0000][gc,marking  ] GC(2) Concurrent Cleanup for Next Mark
[2024-02-18T16:19:20.856+0000][gc,marking  ] GC(2) Concurrent Cleanup for Next Mark 36.555ms
[2024-02-18T16:19:20.856+0000][gc          ] GC(2) Concurrent Mark Cycle 69.217ms
[2024-02-18T16:20:10.776+0000][gc,start    ] GC(3) Pause Young (Prepare Mixed) (G1 Evacuation Pause)
[2024-02-18T16:20:10.776+0000][gc,task     ] GC(3) Using 2 workers of 2 for evacuation
[2024-02-18T16:20:10.789+0000][gc,phases   ] GC(3)   Pre Evacuate Collection Set: 0.2ms
[2024-02-18T16:20:10.789+0000][gc,phases   ] GC(3)   Merge Heap Roots: 0.1ms
[2024-02-18T16:20:10.789+0000][gc,phases   ] GC(3)   Evacuate Collection Set: 11.8ms
[2024-02-18T16:20:10.789+0000][gc,phases   ] GC(3)   Post Evacuate Collection Set: 0.5ms
[2024-02-18T16:20:10.789+0000][gc,phases   ] GC(3)   Other: 0.2ms
[2024-02-18T16:20:10.789+0000][gc,heap     ] GC(3) Eden regions: 50->0(45)
[2024-02-18T16:20:10.789+0000][gc,heap     ] GC(3) Survivor regions: 1->6(7)
[2024-02-18T16:20:10.789+0000][gc,heap     ] GC(3) Old regions: 9->9
[2024-02-18T16:20:10.789+0000][gc,heap     ] GC(3) Humongous regions: 129->129
[2024-02-18T16:20:10.789+0000][gc,metaspace] GC(3) Metaspace: 33859K(34240K)->33859K(34240K) NonClass: 29886K(30080K)->29886K(30080K) Class: 3972K(4160K)->3972K(4160K)
[2024-02-18T16:20:10.789+0000][gc          ] GC(3) Pause Young (Prepare Mixed) (G1 Evacuation Pause) 188M->142M(1024M) 13.640ms
[2024-02-18T16:20:10.789+0000][gc,cpu      ] GC(3) User=0.03s Sys=0.00s Real=0.02s
[2024-02-18T16:20:28.842+0000][gc,start    ] GC(4) Pause Young (Mixed) (Metadata GC Threshold)
[2024-02-18T16:20:28.842+0000][gc,task     ] GC(4) Using 2 workers of 2 for evacuation
[2024-02-18T16:20:28.849+0000][gc,phases   ] GC(4)   Pre Evacuate Collection Set: 0.5ms
[2024-02-18T16:20:28.849+0000][gc,phases   ] GC(4)   Merge Heap Roots: 0.0ms
[2024-02-18T16:20:28.849+0000][gc,phases   ] GC(4)   Evacuate Collection Set: 5.5ms
[2024-02-18T16:20:28.849+0000][gc,phases   ] GC(4)   Post Evacuate Collection Set: 0.4ms
[2024-02-18T16:20:28.849+0000][gc,phases   ] GC(4)   Other: 0.1ms
[2024-02-18T16:20:28.849+0000][gc,heap     ] GC(4) Eden regions: 9->0(50)
[2024-02-18T16:20:28.849+0000][gc,heap     ] GC(4) Survivor regions: 6->1(7)
[2024-02-18T16:20:28.849+0000][gc,heap     ] GC(4) Old regions: 9->14
[2024-02-18T16:20:28.849+0000][gc,heap     ] GC(4) Humongous regions: 129->129
[2024-02-18T16:20:28.849+0000][gc,metaspace] GC(4) Metaspace: 35695K(36096K)->35695K(36096K) NonClass: 31447K(31680K)->31447K(31680K) Class: 4248K(4416K)->4248K(4416K)
[2024-02-18T16:20:28.849+0000][gc          ] GC(4) Pause Young (Mixed) (Metadata GC Threshold) 151M->142M(1024M) 6.769ms
[2024-02-18T16:20:28.849+0000][gc,cpu      ] GC(4) User=0.01s Sys=0.00s Real=0.01s
[2024-02-18T16:38:20.866+0000][gc,start    ] GC(5) Pause Young (Concurrent Start) (Metadata GC Threshold)
[2024-02-18T16:38:20.866+0000][gc,task     ] GC(5) Using 2 workers of 2 for evacuation
[2024-02-18T16:38:20.868+0000][gc,phases   ] GC(5)   Pre Evacuate Collection Set: 0.2ms
[2024-02-18T16:38:20.868+0000][gc,phases   ] GC(5)   Merge Heap Roots: 0.0ms
[2024-02-18T16:38:20.868+0000][gc,phases   ] GC(5)   Evacuate Collection Set: 1.2ms
[2024-02-18T16:38:20.868+0000][gc,phases   ] GC(5)   Post Evacuate Collection Set: 0.3ms
[2024-02-18T16:38:20.868+0000][gc,phases   ] GC(5)   Other: 0.1ms
[2024-02-18T16:38:20.868+0000][gc,heap     ] GC(5) Eden regions: 14->0(50)
[2024-02-18T16:38:20.868+0000][gc,heap     ] GC(5) Survivor regions: 1->1(7)
[2024-02-18T16:38:20.868+0000][gc,heap     ] GC(5) Old regions: 14->14
[2024-02-18T16:38:20.868+0000][gc,heap     ] GC(5) Humongous regions: 129->129
[2024-02-18T16:38:20.868+0000][gc,metaspace] GC(5) Metaspace: 36001K(36416K)->36001K(36416K) NonClass: 31733K(31936K)->31733K(31936K) Class: 4267K(4480K)->4267K(4480K)
[2024-02-18T16:38:20.868+0000][gc          ] GC(5) Pause Young (Concurrent Start) (Metadata GC Threshold) 156M->142M(1024M) 2.069ms
[2024-02-18T16:38:20.868+0000][gc,cpu      ] GC(5) User=0.00s Sys=0.00s Real=0.00s
[2024-02-18T16:38:20.868+0000][gc          ] GC(6) Concurrent Mark Cycle
[2024-02-18T16:38:20.868+0000][gc,marking  ] GC(6) Concurrent Scan Root Regions
[2024-02-18T16:38:20.869+0000][gc,marking  ] GC(6) Concurrent Scan Root Regions 0.650ms
[2024-02-18T16:38:20.869+0000][gc,marking  ] GC(6) Concurrent Mark
[2024-02-18T16:38:20.869+0000][gc,marking  ] GC(6) Concurrent Mark From Roots
[2024-02-18T16:38:20.869+0000][gc,task     ] GC(6) Using 1 workers of 1 for marking
[2024-02-18T16:38:20.882+0000][gc,marking  ] GC(6) Concurrent Mark From Roots 12.784ms
[2024-02-18T16:38:20.882+0000][gc,marking  ] GC(6) Concurrent Preclean
[2024-02-18T16:38:20.882+0000][gc,marking  ] GC(6) Concurrent Preclean 0.084ms
[2024-02-18T16:38:20.882+0000][gc,start    ] GC(6) Pause Remark
[2024-02-18T16:38:20.888+0000][gc          ] GC(6) Pause Remark 143M->143M(1024M) 6.522ms
[2024-02-18T16:38:20.888+0000][gc,cpu      ] GC(6) User=0.01s Sys=0.00s Real=0.01s
[2024-02-18T16:38:20.888+0000][gc,marking  ] GC(6) Concurrent Mark 19.671ms
[2024-02-18T16:38:20.889+0000][gc,marking  ] GC(6) Concurrent Rebuild Remembered Sets and Scrub Regions
[2024-02-18T16:38:20.894+0000][gc,marking  ] GC(6) Concurrent Rebuild Remembered Sets and Scrub Regions 5.295ms
[2024-02-18T16:38:20.894+0000][gc,start    ] GC(6) Pause Cleanup
[2024-02-18T16:38:20.894+0000][gc          ] GC(6) Pause Cleanup 143M->143M(1024M) 0.143ms
[2024-02-18T16:38:20.894+0000][gc,cpu      ] GC(6) User=0.00s Sys=0.00s Real=0.00s
[2024-02-18T16:38:20.894+0000][gc,marking  ] GC(6) Concurrent Clear Claimed Marks
[2024-02-18T16:38:20.894+0000][gc,marking  ] GC(6) Concurrent Clear Claimed Marks 0.027ms
[2024-02-18T16:38:20.894+0000][gc,marking  ] GC(6) Concurrent Cleanup for Next Mark
[2024-02-18T16:38:20.895+0000][gc,marking  ] GC(6) Concurrent Cleanup for Next Mark 1.015ms
[2024-02-18T16:38:20.895+0000][gc          ] GC(6) Concurrent Mark Cycle 27.261ms
[2024-02-18T17:58:35.956+0000][gc,start    ] GC(7) Pause Young (Prepare Mixed) (G1 Evacuation Pause)
[2024-02-18T17:58:35.956+0000][gc,task     ] GC(7) Using 2 workers of 2 for evacuation
[2024-02-18T17:58:35.958+0000][gc,phases   ] GC(7)   Pre Evacuate Collection Set: 0.1ms
[2024-02-18T17:58:35.958+0000][gc,phases   ] GC(7)   Merge Heap Roots: 0.1ms
[2024-02-18T17:58:35.958+0000][gc,phases   ] GC(7)   Evacuate Collection Set: 1.6ms
[2024-02-18T17:58:35.958+0000][gc,phases   ] GC(7)   Post Evacuate Collection Set: 0.4ms
[2024-02-18T17:58:35.958+0000][gc,phases   ] GC(7)   Other: 0.1ms
[2024-02-18T17:58:35.959+0000][gc,heap     ] GC(7) Eden regions: 50->0(50)
[2024-02-18T17:58:35.959+0000][gc,heap     ] GC(7) Survivor regions: 1->1(7)
[2024-02-18T17:58:35.959+0000][gc,heap     ] GC(7) Old regions: 14->14
[2024-02-18T17:58:35.959+0000][gc,heap     ] GC(7) Humongous regions: 129->129
[2024-02-18T17:58:35.959+0000][gc,metaspace] GC(7) Metaspace: 36266K(36736K)->36266K(36736K) NonClass: 32006K(32256K)->32006K(32256K) Class: 4260K(4480K)->4260K(4480K)
[2024-02-18T17:58:35.959+0000][gc          ] GC(7) Pause Young (Prepare Mixed) (G1 Evacuation Pause) 192M->142M(1024M) 2.501ms
[2024-02-18T17:58:35.959+0000][gc,cpu      ] GC(7) User=0.00s Sys=0.00s Real=0.01s
