[2024-02-02T15:21:00.501+0000][gc,init] CardTable entry size: 512
[2024-02-02T15:21:00.501+0000][gc     ] Using G1
[2024-02-02T15:21:00.513+0000][gc,init] Version: 21.0.1+12-LTS (release)
[2024-02-02T15:21:00.513+0000][gc,init] CPUs: 2 total, 2 available
[2024-02-02T15:21:00.513+0000][gc,init] Memory: 7929M
[2024-02-02T15:21:00.513+0000][gc,init] Large Page Support: Disabled
[2024-02-02T15:21:00.513+0000][gc,init] NUMA Support: Disabled
[2024-02-02T15:21:00.513+0000][gc,init] Compressed Oops: Enabled (32-bit)
[2024-02-02T15:21:00.513+0000][gc,init] Heap Region Size: 1M
[2024-02-02T15:21:00.513+0000][gc,init] Heap Min Capacity: 1G
[2024-02-02T15:21:00.513+0000][gc,init] Heap Initial Capacity: 1G
[2024-02-02T15:21:00.513+0000][gc,init] Heap Max Capacity: 1G
[2024-02-02T15:21:00.513+0000][gc,init] Pre-touch: Disabled
[2024-02-02T15:21:00.513+0000][gc,init] Parallel Workers: 2
[2024-02-02T15:21:00.513+0000][gc,init] Concurrent Workers: 1
[2024-02-02T15:21:00.513+0000][gc,init] Concurrent Refinement Workers: 2
[2024-02-02T15:21:00.513+0000][gc,init] Periodic GC: Disabled
[2024-02-02T15:21:00.520+0000][gc,metaspace] CDS archive(s) mapped at: [0x00007fcc97000000-0x00007fcc97ca8000-0x00007fcc97ca8000), size 13271040, SharedBaseAddress: 0x00007fcc97000000, ArchiveRelocationMode: 1.
[2024-02-02T15:21:00.520+0000][gc,metaspace] Compressed class space mapped at: 0x00007fcc98000000-0x00007fccd8000000, reserved size: 1073741824
[2024-02-02T15:21:00.520+0000][gc,metaspace] Narrow klass base: 0x00007fcc97000000, Narrow klass shift: 0, Narrow klass range: 0x100000000
[2024-02-02T15:21:22.003+0000][gc,heap,exit] Heap
[2024-02-02T15:21:22.004+0000][gc,heap,exit]  garbage-first heap   total 1048576K, used 37919K [0x00000000c0000000, 0x0000000100000000)
[2024-02-02T15:21:22.004+0000][gc,heap,exit]   region size 1024K, 37 young (37888K), 0 survivors (0K)
[2024-02-02T15:21:22.004+0000][gc,heap,exit]  Metaspace       used 14924K, committed 15104K, reserved 1114112K
[2024-02-02T15:21:22.004+0000][gc,heap,exit]   class space    used 1934K, committed 2048K, reserved 1048576K
